// Jest Snapshot v1, https://goo.gl/fbAQLP

exports[`Show waveform 1`] = `
<canvas
  height={100}
  width={720}
/>
`;
